[rawcdn.githack.com/scheng123321/tmm-html5-cdn1/master/slope/index.html]
[rawcdn.githack.com/scheng123321/tmm-html5-cdn1/master/slope/TemplateData/style.css]
[rawcdn.githack.com/scheng123321/tmm-html5-cdn1/master/slope/TemplateData/UnityProgress.js]
[backblue.gif]
[fade.gif]
[index.html]
[rawcdn.githack.com/scheng123321/tmm-html5-cdn1/master/slope/index.html]
[rawcdn.githack.com/scheng123321/tmm-html5-cdn1/master/slope/TemplateData/unityloader41.js]
[rawcdn.githack.com/scheng123321/tmm-html5-cdn1/master/slope/TemplateData/progressLogo.Light.png]
[rawcdn.githack.com/scheng123321/tmm-html5-cdn1/master/slope/TemplateData/progressEmpty.Light.png]
[rawcdn.githack.com/scheng123321/tmm-html5-cdn1/master/slope/TemplateData/progressFull.Light.png]
[rawcdn.githack.com/scheng123321/tmm-html5-cdn1/master/slope/TemplateData/progressLogo.Dark.png]
[rawcdn.githack.com/scheng123321/tmm-html5-cdn1/master/slope/TemplateData/progressEmpty.Dark.png]
[rawcdn.githack.com/scheng123321/tmm-html5-cdn1/master/slope/TemplateData/progressFull.Dark.png]
[rawcdn.githack.com/scheng123321/tmm-html5-cdn1/master/slope/TemplateData/webgl-logo.png]
[rawcdn.githack.com/scheng123321/tmm-html5-cdn1/master/slope/TemplateData/fullscreen.png]
[rawcdn.githack.com/scheng123321/tmm-html5-cdn1/master/slope/TemplateData/style.css]
[rawcdn.githack.com/scheng123321/tmm-html5-cdn1/master/slope/TemplateData/progressLogo.Light.html]
[rawcdn.githack.com/scheng123321/tmm-html5-cdn1/master/slope/TemplateData/progressEmpty.Light.html]
[rawcdn.githack.com/scheng123321/tmm-html5-cdn1/master/slope/TemplateData/progressFull.Light.html]
[rawcdn.githack.com/scheng123321/tmm-html5-cdn1/master/slope/TemplateData/webgl-logo.html]
[rawcdn.githack.com/scheng123321/tmm-html5-cdn1/master/slope/TemplateData/fullscreen.html]
